// Jest Snapshot v1, https://goo.gl/fbAQLP

exports[`<JoinWaitlist /> renders correctly 1`] = `
<JoinWaitlist
  isMobile={false}
/>
`;
