// Jest Snapshot v1, https://goo.gl/fbAQLP

exports[`<RequestPasswordReset /> renders correctly 1`] = `
<Aux>
  <Row
    className=""
  >
    <h1
      className="header"
    >
      Password Reset
    </h1>
  </Row>
  <Row
    className=""
  >
    <Col
      className=""
      lg="8"
      lg-offset={null}
      md="8"
      md-offset={null}
      sm="12"
      sm-offset={null}
      xl={null}
      xl-offset={null}
      xs={null}
      xs-offset={null}
    >
      <p>
        Enter the email address linked to your account!
      </p>
      <FormGroup
        className="formGroup"
        inputs={
          Array [
            Object {
              "handler": [Function],
              "icon": "mail.svg",
              "id": "email",
              "placeholder": "Email",
              "validators": Array [
                Object {
                  "error": Object {
                    "level": 3,
                    "message": "Please enter a valid email address!",
                  },
                  "regex": /\\^\\[a-zA-Z0-9\\.\\\\-_\\]\\+@\\[a-zA-Z0-9\\\\-_\\]\\+\\\\\\.\\[a-zA-Z0-9\\.\\\\-_\\]\\+\\$/,
                },
              ],
              "value": null,
            },
          ]
        }
        isValid={[Function]}
      />
    </Col>
  </Row>
  <Row
    className=""
  >
    <Button
      className=""
      disabled={true}
      icon="arrow-right.svg"
      iconOnly={false}
      middle={true}
      nocaps={false}
      onClick={[Function]}
      outline={false}
      primary={true}
      secondary={false}
      small={false}
      text="Reset My Password"
      textOnly={false}
      tiny={false}
    />
  </Row>
</Aux>
`;
